https://gitlab.wikimedia.org/api/v4/groups/308/-/packages/maven/org/opensearch/plugin/opensearch-analysis-stconvert/$OPENSEARCH_VERSION-wmf1/opensearch-analysis-stconvert-$OPENSEARCH_VERSION-wmf1.zip,none
https://artifacts.opensearch.org/releases/plugins/analysis-icu/$OPENSEARCH_VERSION/analysis-icu-$OPENSEARCH_VERSION.zip,C5B7498965EFD1C2924BA9D539D319879310D3FC
https://artifacts.opensearch.org/releases/plugins/analysis-stempel/$OPENSEARCH_VERSION/analysis-stempel-$OPENSEARCH_VERSION.zip,C5B7498965EFD1C2924BA9D539D319879310D3FC
https://artifacts.opensearch.org/releases/plugins/analysis-smartcn/$OPENSEARCH_VERSION/analysis-smartcn-$OPENSEARCH_VERSION.zip,C5B7498965EFD1C2924BA9D539D319879310D3FC
https://artifacts.opensearch.org/releases/plugins/analysis-ukrainian/$OPENSEARCH_VERSION/analysis-ukrainian-$OPENSEARCH_VERSION.zip,C5B7498965EFD1C2924BA9D539D319879310D3FC
https://artifacts.opensearch.org/releases/plugins/analysis-nori/$OPENSEARCH_VERSION/analysis-nori-$OPENSEARCH_VERSION.zip,C5B7498965EFD1C2924BA9D539D319879310D3FC
https://oss.sonatype.org/service/local/repositories/releases/content/org/wikimedia/search/highlighter/cirrus-highlighter-opensearch-plugin/$OPENSEARCH_VERSION/cirrus-highlighter-opensearch-plugin-$OPENSEARCH_VERSION.zip,A01B7AEAE1A5E2F3
https://oss.sonatype.org/service/local/repositories/releases/content/org/wikimedia/search/opensearch-extra/$OPENSEARCH_VERSION/opensearch-extra-$OPENSEARCH_VERSION.zip,A01B7AEAE1A5E2F3
https://oss.sonatype.org/service/local/repositories/releases/content/org/wikimedia/search/opensearch-extra-analysis-homoglyph/$OPENSEARCH_VERSION/opensearch-extra-analysis-homoglyph-$OPENSEARCH_VERSION.zip,A01B7AEAE1A5E2F3
https://oss.sonatype.org/service/local/repositories/releases/content/org/wikimedia/search/opensearch-extra-analysis-ukrainian/$OPENSEARCH_VERSION/opensearch-extra-analysis-ukrainian-$OPENSEARCH_VERSION.zip,A01B7AEAE1A5E2F3
https://oss.sonatype.org/service/local/repositories/releases/content/org/wikimedia/search/opensearch-extra-analysis-khmer/$OPENSEARCH_VERSION/opensearch-extra-analysis-khmer-$OPENSEARCH_VERSION.zip,A01B7AEAE1A5E2F3
https://oss.sonatype.org/service/local/repositories/releases/content/org/wikimedia/search/opensearch-extra-analysis-slovak/$OPENSEARCH_VERSION/opensearch-extra-analysis-slovak-$OPENSEARCH_VERSION.zip,A01B7AEAE1A5E2F3
https://oss.sonatype.org/service/local/repositories/releases/content/org/wikimedia/search/opensearch-extra-analysis-slovak/$OPENSEARCH_VERSION/opensearch-extra-analysis-slovak-$OPENSEARCH_VERSION.zip,A01B7AEAE1A5E2F3
https://oss.sonatype.org/service/local/repositories/releases/content/org/wikimedia/search/opensearch-extra-analysis-serbian/$OPENSEARCH_VERSION/opensearch-extra-analysis-serbian-$OPENSEARCH_VERSION.zip,A01B7AEAE1A5E2F3
https://oss.sonatype.org/service/local/repositories/releases/content/org/wikimedia/search/opensearch-extra-analysis-esperanto/$OPENSEARCH_VERSION/opensearch-extra-analysis-esperanto-$OPENSEARCH_VERSION.zip,A01B7AEAE1A5E2F3
https://oss.sonatype.org/service/local/repositories/releases/content/org/wikimedia/search/opensearch-extra-analysis-turkish/$OPENSEARCH_VERSION/opensearch-extra-analysis-turkish-$OPENSEARCH_VERSION.zip,A01B7AEAE1A5E2F3
https://oss.sonatype.org/service/local/repositories/releases/content/org/wikimedia/search/opensearch-extra-analysis-textify/$OPENSEARCH_VERSION/opensearch-extra-analysis-textify-$OPENSEARCH_VERSION.zip,A01B7AEAE1A5E2F3
https://gitlab.wikimedia.org/api/v4/groups/308/-/packages/maven/com/o19s/ltr/1.5.4-os$OPENSEARCH_VERSION/ltr-1.5.4-os$OPENSEARCH_VERSION.zip,none
https://gitlab.wikimedia.org/api/v4/groups/308/-/packages/maven/com/code972/hebmorph/analysis-hebrew/$OPENSEARCH_VERSION/analysis-hebrew-$OPENSEARCH_VERSION.zip,none
https://artifacts.opensearch.org/releases/plugins/repository-s3/$OPENSEARCH_VERSION/repository-s3-$OPENSEARCH_VERSION.zip,C5B7498965EFD1C2924BA9D539D319879310D3FC
